   ___         ___ _
  / _ \ /\  /\/ __(_)
 / /_\// /_/ / /  | |      GHC Interactive, version 5.03, for Haskell 98.
/ /_\\/ __  / /___| |      http://www.haskell.org/ghc/
\____/\/ /_/\____/|_|      Type :? for help.

Loading package std ... linking ... done.
Loading package lang ... linking ... done.
Ok, modules loaded: Parser.
2
Leaving GHCi.
